{"sessionId":"386ec2","id":"log_1785499041843","timestamp":1785499041843,"location":"AdminFilter.java:18","message":"AdminFilter invoked","data":{"uri":"/doanquanaoquybuu/admin/products","user_null":true,"role":"NULL","allow":false},"runId":"run1","hypothesisId":"H1"}
{"sessionId":"386ec2","id":"log_1785499047857","timestamp":1785499047857,"location":"AdminFilter.java:18","message":"AdminFilter invoked","data":{"uri":"/doanquanaoquybuu/admin/danh-muc","user_null":false,"role":"ADMIN","allow":true},"runId":"run1","hypothesisId":"H1"}
{"sessionId":"386ec2","id":"log_1785499047858","timestamp":1785499047858,"location":"DanhMucServlet.java:20","message":"DanhMucServlet.doGet","data":{"action":"NULL","id":"null"},"runId":"run2","hypothesisId":"H3"}
{"sessionId":"386ec2","id":"log_1785499050295","timestamp":1785499050295,"location":"AdminFilter.java:18","message":"AdminFilter invoked","data":{"uri":"/doanquanaoquybuu/admin/danh-muc","user_null":false,"role":"ADMIN","allow":true},"runId":"run1","hypothesisId":"H1"}
{"sessionId":"386ec2","id":"log_1785499050296","timestamp":1785499050296,"location":"DanhMucServlet.java:20","message":"DanhMucServlet.doGet","data":{"action":"edit","id":"1"},"runId":"run2","hypothesisId":"H3"}
{"sessionId":"386ec2","id":"log_1785499055312","timestamp":1785499055312,"location":"AdminFilter.java:18","message":"AdminFilter invoked","data":{"uri":"/doanquanaoquybuu/admin/dashboard","user_null":false,"role":"ADMIN","allow":true},"runId":"run1","hypothesisId":"H1"}
{"sessionId":"386ec2","id":"log_1785499057181","timestamp":1785499057181,"location":"AdminFilter.java:18","message":"AdminFilter invoked","data":{"uri":"/doanquanaoquybuu/admin/orders","user_null":false,"role":"ADMIN","allow":true},"runId":"run1","hypothesisId":"H1"}
{"sessionId":"386ec2","id":"log_1785499058464","timestamp":1785499058464,"location":"AdminFilter.java:18","message":"AdminFilter invoked","data":{"uri":"/doanquanaoquybuu/admin/products","user_null":false,"role":"ADMIN","allow":true},"runId":"run1","hypothesisId":"H1"}
{"sessionId":"386ec2","id":"log_1785499061898","timestamp":1785499061898,"location":"AdminFilter.java:18","message":"AdminFilter invoked","data":{"uri":"/doanquanaoquybuu/admin/products","user_null":false,"role":"ADMIN","allow":true},"runId":"run1","hypothesisId":"H1"}
{"sessionId":"386ec2","id":"log_1785499077076","timestamp":1785499077076,"location":"AdminFilter.java:18","message":"AdminFilter invoked","data":{"uri":"/doanquanaoquybuu/admin/products","user_null":false,"role":"ADMIN","allow":true},"runId":"run1","hypothesisId":"H1"}
{"sessionId":"386ec2","id":"log_1785499077209","timestamp":1785499077209,"location":"AdminFilter.java:18","message":"AdminFilter invoked","data":{"uri":"/doanquanaoquybuu/admin/products","user_null":false,"role":"ADMIN","allow":true},"runId":"run1","hypothesisId":"H1"}
{"sessionId":"386ec2","id":"log_1785499080108","timestamp":1785499080108,"location":"AdminFilter.java:18","message":"AdminFilter invoked","data":{"uri":"/doanquanaoquybuu/admin/products","user_null":false,"role":"ADMIN","allow":true},"runId":"run1","hypothesisId":"H1"}
{"sessionId":"386ec2","id":"log_1785499101943","timestamp":1785499101943,"location":"AdminFilter.java:18","message":"AdminFilter invoked","data":{"uri":"/doanquanaoquybuu/admin/products","user_null":false,"role":"ADMIN","allow":true},"runId":"run1","hypothesisId":"H1"}
{"sessionId":"386ec2","id":"log_1785499102058","timestamp":1785499102058,"location":"AdminFilter.java:18","message":"AdminFilter invoked","data":{"uri":"/doanquanaoquybuu/admin/products","user_null":false,"role":"ADMIN","allow":true},"runId":"run1","hypothesisId":"H1"}
{"sessionId":"386ec2","id":"log_1785499104409","timestamp":1785499104409,"location":"AdminFilter.java:18","message":"AdminFilter invoked","data":{"uri":"/doanquanaoquybuu/admin/products","user_null":false,"role":"ADMIN","allow":true},"runId":"run1","hypothesisId":"H1"}
{"sessionId":"386ec2","id":"log_1785499114268","timestamp":1785499114268,"location":"AdminFilter.java:18","message":"AdminFilter invoked","data":{"uri":"/doanquanaoquybuu/admin/products","user_null":false,"role":"ADMIN","allow":true},"runId":"run1","hypothesisId":"H1"}
{"sessionId":"386ec2","id":"log_1785499114390","timestamp":1785499114390,"location":"AdminFilter.java:18","message":"AdminFilter invoked","data":{"uri":"/doanquanaoquybuu/admin/products","user_null":false,"role":"ADMIN","allow":true},"runId":"run1","hypothesisId":"H1"}
{"sessionId":"386ec2","id":"log_1785499116558","timestamp":1785499116558,"location":"AdminFilter.java:18","message":"AdminFilter invoked","data":{"uri":"/doanquanaoquybuu/admin/orders","user_null":false,"role":"ADMIN","allow":true},"runId":"run1","hypothesisId":"H1"}
{"sessionId":"386ec2","id":"log_1785499117699","timestamp":1785499117699,"location":"AdminFilter.java:18","message":"AdminFilter invoked","data":{"uri":"/doanquanaoquybuu/admin/products","user_null":false,"role":"ADMIN","allow":true},"runId":"run1","hypothesisId":"H1"}
{"sessionId":"386ec2","id":"log_1785499118695","timestamp":1785499118695,"location":"AdminFilter.java:18","message":"AdminFilter invoked","data":{"uri":"/doanquanaoquybuu/admin/danh-muc","user_null":false,"role":"ADMIN","allow":true},"runId":"run1","hypothesisId":"H1"}
{"sessionId":"386ec2","id":"log_1785499118695","timestamp":1785499118695,"location":"DanhMucServlet.java:20","message":"DanhMucServlet.doGet","data":{"action":"NULL","id":"null"},"runId":"run2","hypothesisId":"H3"}
{"sessionId":"386ec2","id":"log_1785499122776","timestamp":1785499122776,"location":"AdminFilter.java:18","message":"AdminFilter invoked","data":{"uri":"/doanquanaoquybuu/admin/danh-muc","user_null":false,"role":"ADMIN","allow":true},"runId":"run1","hypothesisId":"H1"}
{"sessionId":"386ec2","id":"log_1785499122776","timestamp":1785499122776,"location":"DanhMucServlet.java:20","message":"DanhMucServlet.doGet","data":{"action":"edit","id":"2"},"runId":"run2","hypothesisId":"H3"}
{"sessionId":"386ec2","id":"log_1785499127177","timestamp":1785499127177,"location":"AdminFilter.java:18","message":"AdminFilter invoked","data":{"uri":"/doanquanaoquybuu/admin/danh-muc","user_null":false,"role":"ADMIN","allow":true},"runId":"run1","hypothesisId":"H1"}
{"sessionId":"386ec2","id":"log_1785499127179","timestamp":1785499127179,"location":"DanhMucServlet.java:20","message":"DanhMucServlet.doGet","data":{"action":"delete","id":"3"},"runId":"run2","hypothesisId":"H3"}
{"sessionId":"386ec2","id":"log_1785499127179","timestamp":1785499127179,"location":"DanhMucDAO.java:71","message":"DanhMucDAO.delete called","data":{"id":3},"runId":"run2","hypothesisId":"H4"}
{"sessionId":"386ec2","id":"log_1785499127295","timestamp":1785499127295,"location":"DanhMucDAO.java:71","message":"DanhMucDAO.delete SQLException","data":{"id":3,"sqlState":"23000","errorCode":547,"message":"The DELETE statement conflicted with the REFERENCE constraint 'FK_san_pham_danh_muc'. The conflict occurred in database 'QL_QUYBUU', table 'dbo.san_pham', column 'category_id'."},"runId":"run2","hypothesisId":"H4"}
{"sessionId":"386ec2","id":"log_1785499127305","timestamp":1785499127305,"location":"AdminFilter.java:18","message":"AdminFilter invoked","data":{"uri":"/doanquanaoquybuu/admin/danh-muc","user_null":false,"role":"ADMIN","allow":true},"runId":"run1","hypothesisId":"H1"}
{"sessionId":"386ec2","id":"log_1785499127305","timestamp":1785499127305,"location":"DanhMucServlet.java:20","message":"DanhMucServlet.doGet","data":{"action":"NULL","id":"null"},"runId":"run2","hypothesisId":"H3"}
{"sessionId":"386ec2","id":"log_1785499128409","timestamp":1785499128409,"location":"AdminFilter.java:18","message":"AdminFilter invoked","data":{"uri":"/doanquanaoquybuu/admin/users","user_null":false,"role":"ADMIN","allow":true},"runId":"run1","hypothesisId":"H1"}
